127.1.1.5 - - [17/Jan/2017:09:15:55 +0900] "GET /renderer/agent_logon_page_form.eui?&cgc=9&epsec=1.0.0-427.0&logon=/Common/ob_ssl_access_act_logon_page_ag&uilang=ko&uimode=0&ctype=IE&cversion=11&cjs=1&cactivex=1&cplugin=0&cplatform=Win10&cpu=WOW64&logout=/Common/ob_ssl_access_logout&general_ui=/Common/ob_ssl_access_general_ui&eps=/Common/ob_ssl_access_eps&installation=/Common/ob_ssl_access_frameworkinstallation&errormap=/Common/ob_ssl_access_errormap&defaultlang=ko HTTP/1.0" 200 26471 "-" "-"
127.1.1.3 - - [17/Jan/2017:09:15:56 +0900] "GET /public/include/js/session_check.js?cgc=9 HTTP/1.0" 304 - "-" "Mozilla/5.0 (Windows NT 10.0; WOW64; Trident/7.0; rv:11.0) like Gecko"
127.1.1.4 - - [17/Jan/2017:09:15:56 +0900] "GET /renderer/apm_css.php3?cgc=9&logon=/Common/ob_ssl_access_act_logon_page_ag&uilang=ko&uimode=0&ctype=IE&cversion=11&cjs=1&cactivex=1&cplugin=0&cplatform=Win10&cpu=WOW64&logout=/Common/ob_ssl_access_logout&general_ui=/Common/ob_ssl_access_general_ui&eps=/Common/ob_ssl_access_eps&installation=/Common/ob_ssl_access_frameworkinstallation&errormap=/Common/ob_ssl_access_errormap&defaultlang=ko HTTP/1.0" 200 23626 "-" "Mozilla/5.0 (Windows NT 10.0; WOW64; Trident/7.0; rv:11.0) like Gecko"
127.1.1.8 - - [17/Jan/2017:09:15:56 +0900] "GET /public/images/my/flogo.png?cgc=9 HTTP/1.0" 304 - "-" "Mozilla/5.0 (Windows NT 10.0; WOW64; Trident/7.0; rv:11.0) like Gecko"
127.1.1.2 - - [17/Jan/2017:09:15:56 +0900] "GET /public/include/js/agent_common.js?cgc=9 HTTP/1.0" 304 - "-" "Mozilla/5.0 (Windows NT 10.0; WOW64; Trident/7.0; rv:11.0) like Gecko"
127.1.1.7 - - [17/Jan/2017:09:15:56 +0900] "GET /public/images/my/tr.gif?cgc=9 HTTP/1.0" 304 - "-" "Mozilla/5.0 (Windows NT 10.0; WOW64; Trident/7.0; rv:11.0) like Gecko"
127.1.1.1 - - [17/Jan/2017:09:15:56 +0900] "GET /public/include/js/web_host.js?cgc=9 HTTP/1.0" 304 - "-" "Mozilla/5.0 (Windows NT 10.0; WOW64; Trident/7.0; rv:11.0) like Gecko"
127.1.1.6 - - [17/Jan/2017:09:15:56 +0900] "GET /public/images/my/header-transient.png?cgc=9 HTTP/1.0" 304 - "-" "Mozilla/5.0 (Windows NT 10.0; WOW64; Trident/7.0; rv:11.0) like Gecko"
127.1.1.4 - - [17/Jan/2017:09:16:06 +0900] "GET /renderer/my.logout.php3?cgc=9&errorcode=1&uilang=ko&uimode=0&ctype=IE&cversion=11&cjs=1&cactivex=1&cplugin=0&cplatform=Win10&cpu=WOW64&logout=/Common/ob_ssl_access_end_deny_ag&general_ui=/Common/ob_ssl_access_general_ui&eps=/Common/ob_ssl_access_eps&installation=/Common/ob_ssl_access_frameworkinstallation&errormap=/Common/ob_ssl_access_errormap&defaultlang=ko HTTP/1.0" 200 5042 "-" "Mozilla/5.0 (Windows NT 10.0; WOW64; Trident/7.0; rv:11.0) like Gecko"
127.1.1.3 - - [17/Jan/2017:09:16:07 +0900] "GET /public/include/js/common.js?cgc=9 HTTP/1.0" 304 - "-" "Mozilla/5.0 (Windows NT 10.0; WOW64; Trident/7.0; rv:11.0) like Gecko"
127.1.1.2 - - [17/Jan/2017:09:16:07 +0900] "GET /public/include/js/u_plugin.js?cgc=9 HTTP/1.0" 304 - "-" "Mozilla/5.0 (Windows NT 10.0; WOW64; Trident/7.0; rv:11.0) like Gecko"
127.1.1.2 - - [17/Jan/2017:09:28:18 +0900] "GET /public/images/sq-positive.gif?cgc=9 HTTP/1.0" 304 - "-" "Mozilla/5.0 (Windows NT 10.0; WOW64; Trident/7.0; rv:11.0) like Gecko"
127.1.1.8 - - [17/Jan/2017:10:02:36 +0900] "GET /renderer/apm_css.php3?cgc=9&logout=/Common/ob_ssl_access_logout&general_ui=/Common/ob_ssl_access_general_ui&eps=/Common/ob_ssl_access_eps&installation=/Common/ob_ssl_access_frameworkinstallation&errormap=/Common/ob_ssl_access_errormap&defaultlang=ko HTTP/1.0" 200 23585 "-" "Mozilla/5.0 (Windows NT 10.0; WOW64; Trident/7.0; rv:11.0) like Gecko"
127.1.1.2 - - [17/Jan/2017:11:22:44 +0900] "GET /renderer/agent_logon_page_form.eui?&cgc=9&epsec=1.0.0-427.0&logon=/Common/ob_ssl_access_act_logon_page_ag&uilang=ko&uimode=0&ctype=Mozilla&cversion=5&cjs=1&cactivex=0&cplugin=1&cplatform=Win10&cpu=x64&logout=/Common/ob_ssl_access_logout&general_ui=/Common/ob_ssl_access_general_ui&eps=/Common/ob_ssl_access_eps&installation=/Common/ob_ssl_access_frameworkinstallation&errormap=/Common/ob_ssl_access_errormap&defaultlang=ko HTTP/1.0" 200 26471 "-" "-"
127.1.1.6 - - [17/Jan/2017:11:22:44 +0900] "GET /renderer/apm_css.php3?cgc=9&logon=/Common/ob_ssl_access_act_logon_page_ag&uilang=ko&uimode=0&ctype=Mozilla&cversion=5&cjs=1&cactivex=0&cplugin=1&cplatform=Win10&cpu=x64&logout=/Common/ob_ssl_access_logout&general_ui=/Common/ob_ssl_access_general_ui&eps=/Common/ob_ssl_access_eps&installation=/Common/ob_ssl_access_frameworkinstallation&errormap=/Common/ob_ssl_access_errormap&defaultlang=ko HTTP/1.0" 200 23585 "-" "Mozilla/5.0 (Windows NT 10.0; Win64; x64) AppleWebKit/537.36 (KHTML, like Gecko) Chrome/55.0.2883.87 Safari/537.36"
127.1.1.4 - - [17/Jan/2017:11:22:55 +0900] "GET /renderer/my.logout.php3?cgc=9&errorcode=1&uilang=ko&uimode=0&ctype=Mozilla&cversion=5&cjs=1&cactivex=0&cplugin=1&cplatform=Win10&cpu=x64&logout=/Common/ob_ssl_access_end_deny_ag&general_ui=/Common/ob_ssl_access_general_ui&eps=/Common/ob_ssl_access_eps&installation=/Common/ob_ssl_access_frameworkinstallation&errormap=/Common/ob_ssl_access_errormap&defaultlang=ko HTTP/1.0" 200 5042 "-" "Mozilla/5.0 (Windows NT 10.0; Win64; x64) AppleWebKit/537.36 (KHTML, like Gecko) Chrome/55.0.2883.87 Safari/537.36"
127.1.1.1 - - [17/Jan/2017:11:22:55 +0900] "GET /renderer/apm_css.php3?cgc=9&logout=/Common/ob_ssl_access_logout&general_ui=/Common/ob_ssl_access_general_ui&eps=/Common/ob_ssl_access_eps&installation=/Common/ob_ssl_access_frameworkinstallation&errormap=/Common/ob_ssl_access_errormap&defaultlang=ko HTTP/1.0" 200 23585 "-" "Mozilla/5.0 (Windows NT 10.0; Win64; x64) AppleWebKit/537.36 (KHTML, like Gecko) Chrome/55.0.2883.87 Safari/537.36"
127.1.1.8 - - [17/Jan/2017:11:26:22 +0900] "GET /renderer/webtop.eui?z=/Common/ob_access&webtop=/Common/ob_webtop&webtop_type=webtop_na_only&cgc=9&errorcode=0&logon=/Common/ob_ssl_access_act_logon_page_ag&webtop_cust_grp=/Common/ob_webtop_customization&webtop_id=/Common/ob_webtop&uilang=ko&uimode=0&ctype=Mozilla&cversion=5&cjs=1&cactivex=0&cplugin=1&cplatform=Win10&cpu=x64&logout=/Common/ob_ssl_access_logout&general_ui=/Common/ob_ssl_access_general_ui&eps=/Common/ob_ssl_access_eps&installation=/Common/ob_ssl_access_frameworkinstallation&errormap=/Common/ob_ssl_access_errormap&defaultlang=ko HTTP/1.0" 200 84387 "-" "Mozilla/5.0 (Windows NT 10.0; Win64; x64) AppleWebKit/537.36 (KHTML, like Gecko) Chrome/55.0.2883.87 Safari/537.36"
127.1.1.5 - - [17/Jan/2017:11:26:22 +0900] "GET /renderer/apm_css.php3?cgc=9&errorcode=0&logon=/Common/ob_ssl_access_act_logon_page_ag&webtop_cust_grp=/Common/ob_webtop_customization&webtop_id=/Common/ob_webtop&uilang=ko&uimode=0&ctype=Mozilla&cversion=5&cjs=1&cactivex=0&cplugin=1&cplatform=Win10&cpu=x64&logout=/Common/ob_ssl_access_logout&general_ui=/Common/ob_ssl_access_general_ui&eps=/Common/ob_ssl_access_eps&installation=/Common/ob_ssl_access_frameworkinstallation&errormap=/Common/ob_ssl_access_errormap&defaultlang=ko HTTP/1.0" 200 23585 "-" "Mozilla/5.0 (Windows NT 10.0; Win64; x64) AppleWebKit/537.36 (KHTML, like Gecko) Chrome/55.0.2883.87 Safari/537.36"
127.1.1.8 - - [17/Jan/2017:11:26:22 +0900] "GET /public/include/js/u_na.js?cgc=9 HTTP/1.0" 304 - "-" "Mozilla/5.0 (Windows NT 10.0; Win64; x64) AppleWebKit/537.36 (KHTML, like Gecko) Chrome/55.0.2883.87 Safari/537.36"
127.1.1.7 - - [17/Jan/2017:11:26:22 +0900] "GET /public/include/js/md5.js?cgc=9 HTTP/1.0" 304 - "-" "Mozilla/5.0 (Windows NT 10.0; Win64; x64) AppleWebKit/537.36 (KHTML, like Gecko) Chrome/55.0.2883.87 Safari/537.36"
127.1.1.6 - - [17/Jan/2017:11:26:22 +0900] "GET /public/include/js/u_debug.js?cgc=9 HTTP/1.0" 304 - "-" "Mozilla/5.0 (Windows NT 10.0; Win64; x64) AppleWebKit/537.36 (KHTML, like Gecko) Chrome/55.0.2883.87 Safari/537.36"
127.1.1.2 - - [17/Jan/2017:11:26:22 +0900] "GET /public/images/my/disconnect.png?cgc=9 HTTP/1.0" 304 - "-" "Mozilla/5.0 (Windows NT 10.0; Win64; x64) AppleWebKit/537.36 (KHTML, like Gecko) Chrome/55.0.2883.87 Safari/537.36"
127.1.1.8 - - [17/Jan/2017:11:26:22 +0900] "GET /public/images/full_wt/help.png?cgc=9 HTTP/1.0" 304 - "-" "Mozilla/5.0 (Windows NT 10.0; Win64; x64) AppleWebKit/537.36 (KHTML, like Gecko) Chrome/55.0.2883.87 Safari/537.36"
127.1.1.6 - - [17/Jan/2017:11:26:23 +0900] "GET /public/images/full_wt/icon_webtop_status_disconnected.png?cgc=9 HTTP/1.0" 304 - "-" "Mozilla/5.0 (Windows NT 10.0; Win64; x64) AppleWebKit/537.36 (KHTML, like Gecko) Chrome/55.0.2883.87 Safari/537.36"
127.1.1.4 - - [17/Jan/2017:11:26:23 +0900] "GET /public/images/full_wt/icon_webtop_status_connected.png?cgc=9 HTTP/1.0" 304 - "-" "Mozilla/5.0 (Windows NT 10.0; Win64; x64) AppleWebKit/537.36 (KHTML, like Gecko) Chrome/55.0.2883.87 Safari/537.36"
127.1.1.2 - - [17/Jan/2017:11:26:23 +0900] "GET /public/images/full_wt/waiting.gif?cgc=9 HTTP/1.0" 304 - "-" "Mozilla/5.0 (Windows NT 10.0; Win64; x64) AppleWebKit/537.36 (KHTML, like Gecko) Chrome/55.0.2883.87 Safari/537.36"
127.1.1.7 - - [17/Jan/2017:11:26:23 +0900] "GET /public/images/full_wt/body-background.png?cgc=9 HTTP/1.0" 304 - "-" "Mozilla/5.0 (Windows NT 10.0; Win64; x64) AppleWebKit/537.36 (KHTML, like Gecko) Chrome/55.0.2883.87 Safari/537.36"
127.1.1.6 - - [17/Jan/2017:11:26:23 +0900] "GET /public/images/full_wt/toolbar-background.png?cgc=9 HTTP/1.0" 304 - "-" "Mozilla/5.0 (Windows NT 10.0; Win64; x64) AppleWebKit/537.36 (KHTML, like Gecko) Chrome/55.0.2883.87 Safari/537.36"
127.1.1.7 - - [17/Jan/2017:11:30:07 +0900] "GET /renderer/my.logout.php3?hangup_error=1&cgc=9&errorcode=0&logon=/Common/ob_ssl_access_act_logon_page_ag&webtop_cust_grp=/Common/ob_webtop_customization&webtop_id=/Common/ob_webtop&uilang=ko&uimode=0&ctype=Mozilla&cversion=5&cjs=1&cactivex=0&cplugin=1&cplatform=Win10&cpu=x64&logout=/Common/ob_ssl_access_logout&general_ui=/Common/ob_ssl_access_general_ui&eps=/Common/ob_ssl_access_eps&installation=/Common/ob_ssl_access_frameworkinstallation&errormap=/Common/ob_ssl_access_errormap&defaultlang=ko HTTP/1.0" 200 4123 "-" "Mozilla/5.0 (Windows NT 10.0; Win64; x64) AppleWebKit/537.36 (KHTML, like Gecko) Chrome/55.0.2883.87 Safari/537.36"
127.1.1.1 - - [17/Jan/2017:13:19:11 +0900] "GET /renderer/apm_css.php3?cgc=9&logon=/Common/ob_ssl_access_act_logon_page_ag&uilang=ko&uimode=0&ctype=Mozilla&cversion=5&cjs=1&cactivex=0&cplugin=1&cplatform=Win10&cpu=x64&logout=/Common/ob_ssl_access_logout&general_ui=/Common/ob_ssl_access_general_ui&eps=/Common/ob_ssl_access_eps&installation=/Common/ob_ssl_access_frameworkinstallation&errormap=/Common/ob_ssl_access_errormap&defaultlang=ko HTTP/1.0" 200 23585 "-" "Mozilla/5.0 (Windows NT 10.0; Win64; x64) AppleWebKit/537.36 (KHTML, like Gecko) Chrome/55.0.2883.87 Safari/537.36"
127.1.1.8 - - [17/Jan/2017:13:19:18 +0900] "GET /renderer/apm_css.php3?cgc=9&errorcode=0&logon=/Common/ob_ssl_access_act_logon_page_ag&webtop_cust_grp=/Common/ob_webtop_customization&webtop_id=/Common/ob_webtop&uilang=ko&uimode=0&ctype=Mozilla&cversion=5&cjs=1&cactivex=0&cplugin=1&cplatform=Win10&cpu=x64&logout=/Common/ob_ssl_access_logout&general_ui=/Common/ob_ssl_access_general_ui&eps=/Common/ob_ssl_access_eps&installation=/Common/ob_ssl_access_frameworkinstallation&errormap=/Common/ob_ssl_access_errormap&defaultlang=ko HTTP/1.0" 200 23585 "-" "Mozilla/5.0 (Windows NT 10.0; Win64; x64) AppleWebKit/537.36 (KHTML, like Gecko) Chrome/55.0.2883.87 Safari/537.36"
127.1.1.1 - - [17/Jan/2017:13:32:48 +0900] "GET /renderer/apm_css.php3?cgc=9&logout=/Common/ob_ssl_access_logout&general_ui=/Common/ob_ssl_access_general_ui&eps=/Common/ob_ssl_access_eps&installation=/Common/ob_ssl_access_frameworkinstallation&errormap=/Common/ob_ssl_access_errormap&defaultlang=ko HTTP/1.0" 200 23585 "-" "Mozilla/5.0 (Windows NT 10.0; Win64; x64) AppleWebKit/537.36 (KHTML, like Gecko) Chrome/55.0.2883.87 Safari/537.36"
127.1.1.6 - - [17/Jan/2017:13:34:18 +0900] "GET /renderer/apm_css.php3?cgc=9&logon=/Common/ob_ssl_access_act_logon_page_ag&uilang=ko&uimode=0&ctype=IE&cversion=11&cjs=1&cactivex=1&cplugin=0&cplatform=Win10&cpu=WOW64&logout=/Common/ob_ssl_access_logout&general_ui=/Common/ob_ssl_access_general_ui&eps=/Common/ob_ssl_access_eps&installation=/Common/ob_ssl_access_frameworkinstallation&errormap=/Common/ob_ssl_access_errormap&defaultlang=ko HTTP/1.0" 200 23626 "-" "Mozilla/5.0 (Windows NT 10.0; WOW64; Trident/7.0; rv:11.0) like Gecko"
127.1.1.1 - - [17/Jan/2017:14:23:16 +0900] "GET /renderer/apm_css.php3?cgc=9&logon=/Common/ob_ssl_access_act_logon_page_ag&uilang=ko&uimode=0&ctype=Mozilla&cversion=5&cjs=1&cactivex=0&cplugin=1&cplatform=Win10&cpu=x64&logout=/Common/ob_ssl_access_logout&general_ui=/Common/ob_ssl_access_general_ui&eps=/Common/ob_ssl_access_eps&installation=/Common/ob_ssl_access_frameworkinstallation&errormap=/Common/ob_ssl_access_errormap&defaultlang=ko HTTP/1.0" 200 23585 "-" "Mozilla/5.0 (Windows NT 10.0; Win64; x64) AppleWebKit/537.36 (KHTML, like Gecko) Chrome/55.0.2883.87 Safari/537.36"
127.1.1.3 - - [17/Jan/2017:14:23:23 +0900] "GET /renderer/apm_css.php3?cgc=9&errorcode=0&logon=/Common/ob_ssl_access_act_logon_page_ag&webtop_cust_grp=/Common/ob_webtop_customization&webtop_id=/Common/ob_webtop&uilang=ko&uimode=0&ctype=Mozilla&cversion=5&cjs=1&cactivex=0&cplugin=1&cplatform=Win10&cpu=x64&logout=/Common/ob_ssl_access_logout&general_ui=/Common/ob_ssl_access_general_ui&eps=/Common/ob_ssl_access_eps&installation=/Common/ob_ssl_access_frameworkinstallation&errormap=/Common/ob_ssl_access_errormap&defaultlang=ko HTTP/1.0" 200 23585 "-" "Mozilla/5.0 (Windows NT 10.0; Win64; x64) AppleWebKit/537.36 (KHTML, like Gecko) Chrome/55.0.2883.87 Safari/537.36"
127.1.1.1 - - [17/Jan/2017:14:37:27 +0900] "GET /renderer/apm_css.php3?cgc=9&logon=/Common/ob_ssl_access_act_logon_page_ag&uilang=ko&uimode=0&ctype=IE&cversion=11&cjs=1&cactivex=1&cplugin=0&cplatform=Win10&cpu=WOW64&logout=/Common/ob_ssl_access_logout&general_ui=/Common/ob_ssl_access_general_ui&eps=/Common/ob_ssl_access_eps&installation=/Common/ob_ssl_access_frameworkinstallation&errormap=/Common/ob_ssl_access_errormap&defaultlang=ko HTTP/1.0" 200 23626 "-" "Mozilla/5.0 (Windows NT 10.0; WOW64; Trident/7.0; rv:11.0) like Gecko"
127.1.1.5 - - [17/Jan/2017:14:42:10 +0900] "GET /renderer/my.logout.php3?hangup_error=1&cgc=9&logout=/Common/ob_ssl_access_logout&general_ui=/Common/ob_ssl_access_general_ui&eps=/Common/ob_ssl_access_eps&installation=/Common/ob_ssl_access_frameworkinstallation&errormap=/Common/ob_ssl_access_errormap&defaultlang=ko HTTP/1.0" 200 4123 "-" "Mozilla/5.0 (Windows NT 10.0; Win64; x64) AppleWebKit/537.36 (KHTML, like Gecko) Chrome/55.0.2883.87 Safari/537.36"
127.1.1.3 - - [17/Jan/2017:14:42:10 +0900] "GET /renderer/apm_css.php3?cgc=9&logout=/Common/ob_ssl_access_logout&general_ui=/Common/ob_ssl_access_general_ui&eps=/Common/ob_ssl_access_eps&installation=/Common/ob_ssl_access_frameworkinstallation&errormap=/Common/ob_ssl_access_errormap&defaultlang=ko HTTP/1.0" 200 23585 "-" "Mozilla/5.0 (Windows NT 10.0; Win64; x64) AppleWebKit/537.36 (KHTML, like Gecko) Chrome/55.0.2883.87 Safari/537.36"
127.1.1.3 - - [17/Jan/2017:14:55:46 +0900] "GET /favicon.ico?cgc=9 HTTP/1.0" 304 - "-" "Mozilla/5.0 (Windows NT 10.0; Win64; x64) AppleWebKit/537.36 (KHTML, like Gecko) Chrome/55.0.2883.87 Safari/537.36"
127.1.1.3 - - [17/Jan/2017:15:35:44 +0900] "GET /renderer/apm_css.php3?cgc=9&logon=/Common/ob_ssl_access_act_logon_page_ag&uilang=ko&uimode=0&ctype=Mozilla&cversion=5&cjs=1&cactivex=0&cplugin=1&cplatform=Win10&cpu=x64&logout=/Common/ob_ssl_access_logout&general_ui=/Common/ob_ssl_access_general_ui&eps=/Common/ob_ssl_access_eps&installation=/Common/ob_ssl_access_frameworkinstallation&errormap=/Common/ob_ssl_access_errormap&defaultlang=ko HTTP/1.0" 200 23585 "-" "Mozilla/5.0 (Windows NT 10.0; Win64; x64) AppleWebKit/537.36 (KHTML, like Gecko) Chrome/55.0.2883.87 Safari/537.36"
127.1.1.2 - - [17/Jan/2017:15:35:49 +0900] "GET /renderer/apm_css.php3?cgc=9&errorcode=0&logon=/Common/ob_ssl_access_act_logon_page_ag&webtop_cust_grp=/Common/ob_webtop_customization&webtop_id=/Common/ob_webtop&uilang=ko&uimode=0&ctype=Mozilla&cversion=5&cjs=1&cactivex=0&cplugin=1&cplatform=Win10&cpu=x64&logout=/Common/ob_ssl_access_logout&general_ui=/Common/ob_ssl_access_general_ui&eps=/Common/ob_ssl_access_eps&installation=/Common/ob_ssl_access_frameworkinstallation&errormap=/Common/ob_ssl_access_errormap&defaultlang=ko HTTP/1.0" 200 23585 "-" "Mozilla/5.0 (Windows NT 10.0; Win64; x64) AppleWebKit/537.36 (KHTML, like Gecko) Chrome/55.0.2883.87 Safari/537.36"
127.1.1.2 - - [17/Jan/2017:15:42:39 +0900] "GET /renderer/apm_css.php3?cgc=9&logout=/Common/ob_ssl_access_logout&general_ui=/Common/ob_ssl_access_general_ui&eps=/Common/ob_ssl_access_eps&installation=/Common/ob_ssl_access_frameworkinstallation&errormap=/Common/ob_ssl_access_errormap&defaultlang=ko HTTP/1.0" 200 23585 "-" "Mozilla/5.0 (Windows NT 10.0; Win64; x64) AppleWebKit/537.36 (KHTML, like Gecko) Chrome/55.0.2883.87 Safari/537.36"
127.1.1.5 - - [17/Jan/2017:15:49:53 +0900] "GET /renderer/apm_css.php3?cgc=9&logon=/Common/ob_ssl_access_act_logon_page_ag&uilang=ko&uimode=0&ctype=IE&cversion=11&cjs=1&cactivex=1&cplugin=0&cplatform=Win10&cpu=WOW64&logout=/Common/ob_ssl_access_logout&general_ui=/Common/ob_ssl_access_general_ui&eps=/Common/ob_ssl_access_eps&installation=/Common/ob_ssl_access_frameworkinstallation&errormap=/Common/ob_ssl_access_errormap&defaultlang=ko HTTP/1.0" 200 23626 "-" "Mozilla/5.0 (Windows NT 10.0; WOW64; Trident/7.0; rv:11.0) like Gecko"
